2025-12-30 20:53:09,395 - INFO - Loaded 174734 rows from data\raw\EURUSD_H1_latest.csv
2025-12-30 20:53:55,922 - INFO - Prepared 174514 samples
2025-12-30 20:53:55,992 - INFO - Class distribution: BEAR=7791, SIDEWAYS=158628, BULL=8095
2025-12-30 20:54:03,407 - INFO - CV Accuracy: 0.9405 (+/- 0.0367)
D:\myBot\.venv312\Lib\site-packages\sklearn\metrics\_classification.py:1731: UndefinedMetricWarning: Precision is ill-defined and being set to 0.0 in labels with no predicted samples. Use `zero_division` parameter to control this behavior.
  _warn_prf(average, modifier, f"{metric.capitalize()} is", result.shape[0])
D:\myBot\.venv312\Lib\site-packages\sklearn\metrics\_classification.py:1731: UndefinedMetricWarning: Precision is ill-defined and being set to 0.0 in labels with no predicted samples. Use `zero_division` parameter to control this behavior.
  _warn_prf(average, modifier, f"{metric.capitalize()} is", result.shape[0])
D:\myBot\.venv312\Lib\site-packages\sklearn\metrics\_classification.py:1731: UndefinedMetricWarning: Precision is ill-defined and being set to 0.0 in labels with no predicted samples. Use `zero_division` parameter to control this behavior.
  _warn_prf(average, modifier, f"{metric.capitalize()} is", result.shape[0])
2025-12-30 20:54:05,247 - INFO - Test Accuracy: 0.9694
D:\myBot\.venv312\Lib\site-packages\sklearn\metrics\_classification.py:1731: UndefinedMetricWarning: Precision is ill-defined and being set to 0.0 in labels with no predicted samples. Use `zero_division` parameter to control this behavior.
  _warn_prf(average, modifier, f"{metric.capitalize()} is", result.shape[0])
D:\myBot\.venv312\Lib\site-packages\sklearn\metrics\_classification.py:1731: UndefinedMetricWarning: Precision is ill-defined and being set to 0.0 in labels with no predicted samples. Use `zero_division` parameter to control this behavior.
  _warn_prf(average, modifier, f"{metric.capitalize()} is", result.shape[0])
D:\myBot\.venv312\Lib\site-packages\sklearn\metrics\_classification.py:1731: UndefinedMetricWarning: Precision is ill-defined and being set to 0.0 in labels with no predicted samples. Use `zero_division` parameter to control this behavior.
  _warn_prf(average, modifier, f"{metric.capitalize()} is", result.shape[0])
2025-12-30 20:54:05,273 - INFO - 
              precision    recall  f1-score   support

     BEARISH       0.00      0.00      0.00       481
    SIDEWAYS       0.97      1.00      0.98     33836
     BULLISH       0.00      0.00      0.00       586

    accuracy                           0.97     34903
   macro avg       0.32      0.33      0.33     34903
weighted avg       0.94      0.97      0.95     34903

2025-12-30 20:54:07,837 - INFO - Model saved to models\trend_classifier.joblib
Traceback (most recent call last):
  File "E:\pyProject\pyForex-1\training\train_trend_classifier.py", line 440, in <module>
    main()
  File "E:\pyProject\pyForex-1\training\train_trend_classifier.py", line 433, in main
    print(f"\n\u2705 Model saved to {output_path}")
  File "D:\Python_12\Lib\encodings\cp1252.py", line 19, in encode
    return codecs.charmap_encode(input,self.errors,encoding_table)[0]
           ^^^^^^^^^^^^^^^^^^^^^^^^^^^^^^^^^^^^^^^^^^^^^^^^^^^^^^^
UnicodeEncodeError: 'charmap' codec can't encode character '\u2705' in position 2: character maps to <undefined>
